Archive member included to satisfy reference by file (symbol)

D:/users/ecoracing/STM32CubeIDE_1.16.0/STM32CubeIDE/plugins/com.st.stm32cube.ide.mcu.externaltools.gnu-tools-for-stm32.12.3.rel1.win32_1.0.200.202406191623/tools/bin/../lib/gcc/arm-none-eabi/12.3.1/../../../../arm-none-eabi/lib/thumb/v7-m/nofp\libc_nano.a(libc_a-exit.o)
                              D:/users/ecoracing/STM32CubeIDE_1.16.0/STM32CubeIDE/plugins/com.st.stm32cube.ide.mcu.externaltools.gnu-tools-for-stm32.12.3.rel1.win32_1.0.200.202406191623/tools/bin/../lib/gcc/arm-none-eabi/12.3.1/../../../../arm-none-eabi/lib/thumb/v7-m/nofp/crt0.o (exit)
D:/users/ecoracing/STM32CubeIDE_1.16.0/STM32CubeIDE/plugins/com.st.stm32cube.ide.mcu.externaltools.gnu-tools-for-stm32.12.3.rel1.win32_1.0.200.202406191623/tools/bin/../lib/gcc/arm-none-eabi/12.3.1/../../../../arm-none-eabi/lib/thumb/v7-m/nofp\libc_nano.a(libc_a-findfp.o)
                              D:/users/ecoracing/STM32CubeIDE_1.16.0/STM32CubeIDE/plugins/com.st.stm32cube.ide.mcu.externaltools.gnu-tools-for-stm32.12.3.rel1.win32_1.0.200.202406191623/tools/bin/../lib/gcc/arm-none-eabi/12.3.1/../../../../arm-none-eabi/lib/thumb/v7-m/nofp\libc_nano.a(libc_a-exit.o) (__stdio_exit_handler)
D:/users/ecoracing/STM32CubeIDE_1.16.0/STM32CubeIDE/plugins/com.st.stm32cube.ide.mcu.externaltools.gnu-tools-for-stm32.12.3.rel1.win32_1.0.200.202406191623/tools/bin/../lib/gcc/arm-none-eabi/12.3.1/../../../../arm-none-eabi/lib/thumb/v7-m/nofp\libc_nano.a(libc_a-fwalk.o)
                              D:/users/ecoracing/STM32CubeIDE_1.16.0/STM32CubeIDE/plugins/com.st.stm32cube.ide.mcu.externaltools.gnu-tools-for-stm32.12.3.rel1.win32_1.0.200.202406191623/tools/bin/../lib/gcc/arm-none-eabi/12.3.1/../../../../arm-none-eabi/lib/thumb/v7-m/nofp\libc_nano.a(libc_a-findfp.o) (_fwalk_sglue)
D:/users/ecoracing/STM32CubeIDE_1.16.0/STM32CubeIDE/plugins/com.st.stm32cube.ide.mcu.externaltools.gnu-tools-for-stm32.12.3.rel1.win32_1.0.200.202406191623/tools/bin/../lib/gcc/arm-none-eabi/12.3.1/../../../../arm-none-eabi/lib/thumb/v7-m/nofp\libc_nano.a(libc_a-stdio.o)
                              D:/users/ecoracing/STM32CubeIDE_1.16.0/STM32CubeIDE/plugins/com.st.stm32cube.ide.mcu.externaltools.gnu-tools-for-stm32.12.3.rel1.win32_1.0.200.202406191623/tools/bin/../lib/gcc/arm-none-eabi/12.3.1/../../../../arm-none-eabi/lib/thumb/v7-m/nofp\libc_nano.a(libc_a-findfp.o) (__sread)
D:/users/ecoracing/STM32CubeIDE_1.16.0/STM32CubeIDE/plugins/com.st.stm32cube.ide.mcu.externaltools.gnu-tools-for-stm32.12.3.rel1.win32_1.0.200.202406191623/tools/bin/../lib/gcc/arm-none-eabi/12.3.1/../../../../arm-none-eabi/lib/thumb/v7-m/nofp\libc_nano.a(libc_a-memset.o)
                              D:/users/ecoracing/STM32CubeIDE_1.16.0/STM32CubeIDE/plugins/com.st.stm32cube.ide.mcu.externaltools.gnu-tools-for-stm32.12.3.rel1.win32_1.0.200.202406191623/tools/bin/../lib/gcc/arm-none-eabi/12.3.1/../../../../arm-none-eabi/lib/thumb/v7-m/nofp/crt0.o (memset)
D:/users/ecoracing/STM32CubeIDE_1.16.0/STM32CubeIDE/plugins/com.st.stm32cube.ide.mcu.externaltools.gnu-tools-for-stm32.12.3.rel1.win32_1.0.200.202406191623/tools/bin/../lib/gcc/arm-none-eabi/12.3.1/../../../../arm-none-eabi/lib/thumb/v7-m/nofp\libc_nano.a(libc_a-closer.o)
                              D:/users/ecoracing/STM32CubeIDE_1.16.0/STM32CubeIDE/plugins/com.st.stm32cube.ide.mcu.externaltools.gnu-tools-for-stm32.12.3.rel1.win32_1.0.200.202406191623/tools/bin/../lib/gcc/arm-none-eabi/12.3.1/../../../../arm-none-eabi/lib/thumb/v7-m/nofp\libc_nano.a(libc_a-stdio.o) (_close_r)
D:/users/ecoracing/STM32CubeIDE_1.16.0/STM32CubeIDE/plugins/com.st.stm32cube.ide.mcu.externaltools.gnu-tools-for-stm32.12.3.rel1.win32_1.0.200.202406191623/tools/bin/../lib/gcc/arm-none-eabi/12.3.1/../../../../arm-none-eabi/lib/thumb/v7-m/nofp\libc_nano.a(libc_a-reent.o)
                              D:/users/ecoracing/STM32CubeIDE_1.16.0/STM32CubeIDE/plugins/com.st.stm32cube.ide.mcu.externaltools.gnu-tools-for-stm32.12.3.rel1.win32_1.0.200.202406191623/tools/bin/../lib/gcc/arm-none-eabi/12.3.1/../../../../arm-none-eabi/lib/thumb/v7-m/nofp\libc_nano.a(libc_a-closer.o) (errno)
D:/users/ecoracing/STM32CubeIDE_1.16.0/STM32CubeIDE/plugins/com.st.stm32cube.ide.mcu.externaltools.gnu-tools-for-stm32.12.3.rel1.win32_1.0.200.202406191623/tools/bin/../lib/gcc/arm-none-eabi/12.3.1/../../../../arm-none-eabi/lib/thumb/v7-m/nofp\libc_nano.a(libc_a-impure.o)
                              D:/users/ecoracing/STM32CubeIDE_1.16.0/STM32CubeIDE/plugins/com.st.stm32cube.ide.mcu.externaltools.gnu-tools-for-stm32.12.3.rel1.win32_1.0.200.202406191623/tools/bin/../lib/gcc/arm-none-eabi/12.3.1/../../../../arm-none-eabi/lib/thumb/v7-m/nofp\libc_nano.a(libc_a-reent.o) (_impure_ptr)
D:/users/ecoracing/STM32CubeIDE_1.16.0/STM32CubeIDE/plugins/com.st.stm32cube.ide.mcu.externaltools.gnu-tools-for-stm32.12.3.rel1.win32_1.0.200.202406191623/tools/bin/../lib/gcc/arm-none-eabi/12.3.1/../../../../arm-none-eabi/lib/thumb/v7-m/nofp\libc_nano.a(libc_a-lseekr.o)
[...]
Memory Configuration

Name             Origin             Length             Attributes
RAM              0x20000000         0x00005000         xrw
FLASH            0x08000000         0x00010000         xr
*default*        0x00000000         0xffffffff

Linker script and memory map

LOAD D:/users/ecoracing/STM32CubeIDE_1.16.0/STM32CubeIDE/plugins/com.st.stm32cube.ide.mcu.externaltools.gnu-tools-for-stm32.12.3.rel1.win32_1.0.200.202406191623/tools/bin/../lib/gcc/arm-none-eabi/12.3.1/thumb/v7-m/nofp/crti.o
LOAD D:/users/ecoracing/STM32CubeIDE_1.16.0/STM32CubeIDE/plugins/com.st.stm32cube.ide.mcu.externaltools.gnu-tools-for-stm32.12.3.rel1.win32_1.0.200.202406191623/tools/bin/../lib/gcc/arm-none-eabi/12.3.1/thumb/v7-m/nofp/crtbegin.o
LOAD D:/users/ecoracing/STM32CubeIDE_1.16.0/STM32CubeIDE/plugins/com.st.stm32cube.ide.mcu.externaltools.gnu-tools-for-stm32.12.3.rel1.win32_1.0.200.202406191623/tools/bin/../lib/gcc/arm-none-eabi/12.3.1/../../../../arm-none-eabi/lib/thumb/v7-m/nofp/crt0.o
LOAD ./Core/Src/main.o
LOAD ./Core/Src/stm32f1xx_hal_msp.o
LOAD ./Core/Src/stm32f1xx_it.o
LOAD ./Core/Src/syscalls.o
LOAD ./Core/Src/sysmem.o
LOAD ./Core/Src/system_stm32f1xx.o
LOAD ./Core/Startup/startup_stm32f103c8tx.o
LOAD ./Drivers/STM32F1xx_HAL_Driver/Src/stm32f1xx_hal.o
LOAD ./Drivers/STM32F1xx_HAL_Driver/Src/stm32f1xx_hal_cortex.o
LOAD ./Drivers/STM32F1xx_HAL_Driver/Src/stm32f1xx_hal_dma.o
LOAD ./Drivers/STM32F1xx_HAL_Driver/Src/stm32f1xx_hal_exti.o
LOAD ./Drivers/STM32F1xx_HAL_Driver/Src/stm32f1xx_hal_flash.o
LOAD ./Drivers/STM32F1xx_HAL_Driver/Src/stm32f1xx_hal_flash_ex.o
LOAD ./Drivers/STM32F1xx_HAL_Driver/Src/stm32f1xx_hal_gpio.o
LOAD ./Drivers/STM32F1xx_HAL_Driver/Src/stm32f1xx_hal_gpio_ex.o
LOAD ./Drivers/STM32F1xx_HAL_Driver/Src/stm32f1xx_hal_pwr.o
LOAD ./Drivers/STM32F1xx_HAL_Driver/Src/stm32f1xx_hal_rcc.o
LOAD ./Drivers/STM32F1xx_HAL_Driver/Src/stm32f1xx_hal_rcc_ex.o
LOAD ./Drivers/STM32F1xx_HAL_Driver/Src/stm32f1xx_hal_tim.o
LOAD ./Drivers/STM32F1xx_HAL_Driver/Src/stm32f1xx_hal_tim_ex.o
LOAD ./LCD/LCD.o
START GROUP
LOAD D:/users/ecoracing/STM32CubeIDE_1.16.0/STM32CubeIDE/plugins/com.st.stm32cube.ide.mcu.externaltools.gnu-tools-for-stm32.12.3.rel1.win32_1.0.200.202406191623/tools/bin/../lib/gcc/arm-none-eabi/12.3.1/../../../../arm-none-eabi/lib/thumb/v7-m/nofp\libc_nano.a
LOAD D:/users/ecoracing/STM32CubeIDE_1.16.0/STM32CubeIDE/plugins/com.st.stm32cube.ide.mcu.externaltools.gnu-tools-for-stm32.12.3.rel1.win32_1.0.200.202406191623/tools/bin/../lib/gcc/arm-none-eabi/12.3.1/../../../../arm-none-eabi/lib/thumb/v7-m/nofp\libm.a
END GROUP
START GROUP
LOAD D:/users/ecoracing/STM32CubeIDE_1.16.0/STM32CubeIDE/plugins/com.st.stm32cube.ide.mcu.externaltools.gnu-tools-for-stm32.12.3.rel1.win32_1.0.200.202406191623/tools/bin/../lib/gcc/arm-none-eabi/12.3.1/thumb/v7-m/nofp\libgcc.a
LOAD D:/users/ecoracing/STM32CubeIDE_1.16.0/STM32CubeIDE/plugins/com.st.stm32cube.ide.mcu.externaltools.gnu-tools-for-stm32.12.3.rel1.win32_1.0.200.202406191623/tools/bin/../lib/gcc/arm-none-eabi/12.3.1/../../../../arm-none-eabi/lib/thumb/v7-m/nofp\libc_nano.a
END GROUP
START GROUP
LOAD D:/users/ecoracing/STM32CubeIDE_1.16.0/STM32CubeIDE/plugins/com.st.stm32cube.ide.mcu.externaltools.gnu-tools-for-stm32.12.3.rel1.win32_1.0.200.202406191623/tools/bin/../lib/gcc/arm-none-eabi/12.3.1/thumb/v7-m/nofp\libgcc.a
LOAD D:/users/ecoracing/STM32CubeIDE_1.16.0/STM32CubeIDE/plugins/com.st.stm32cube.ide.mcu.externaltools.gnu-tools-for-stm32.12.3.rel1.win32_1.0.200.202406191623/tools/bin/../lib/gcc/arm-none-eabi/12.3.1/../../../../arm-none-eabi/lib/thumb/v7-m/nofp\libc_nano.a
LOAD D:/users/ecoracing/STM32CubeIDE_1.16.0/STM32CubeIDE/plugins/com.st.stm32cube.ide.mcu.externaltools.gnu-tools-for-stm32.12.3.rel1.win32_1.0.200.202406191623/tools/bin/../lib/gcc/arm-none-eabi/12.3.1/../../../../arm-none-eabi/lib/thumb/v7-m/nofp\libnosys.a
END GROUP
START GROUP
LOAD D:/users/ecoracing/STM32CubeIDE_1.16.0/STM32CubeIDE/plugins/com.st.stm32cube.ide.mcu.externaltools.gnu-tools-for-stm32.12.3.rel1.win32_1.0.200.202406191623/tools/bin/../lib/gcc/arm-none-eabi/12.3.1/thumb/v7-m/nofp\libgcc.a
LOAD D:/users/ecoracing/STM32CubeIDE_1.16.0/STM32CubeIDE/plugins/com.st.stm32cube.ide.mcu.externaltools.gnu-tools-for-stm32.12.3.rel1.win32_1.0.200.202406191623/tools/bin/../lib/gcc/arm-none-eabi/12.3.1/../../../../arm-none-eabi/lib/thumb/v7-m/nofp\libc_nano.a
LOAD D:/users/ecoracing/STM32CubeIDE_1.16.0/STM32CubeIDE/plugins/com.st.stm32cube.ide.mcu.externaltools.gnu-tools-for-stm32.12.3.rel1.win32_1.0.200.202406191623/tools/bin/../lib/gcc/arm-none-eabi/12.3.1/../../../../arm-none-eabi/lib/thumb/v7-m/nofp\libnosys.a
END GROUP
LOAD D:/users/ecoracing/STM32CubeIDE_1.16.0/STM32CubeIDE/plugins/com.st.stm32cube.ide.mcu.externaltools.gnu-tools-for-stm32.12.3.rel1.win32_1.0.200.202406191623/tools/bin/../lib/gcc/arm-none-eabi/12.3.1/thumb/v7-m/nofp/crtend.o
LOAD D:/users/ecoracing/STM32CubeIDE_1.16.0/STM32CubeIDE/plugins/com.st.stm32cube.ide.mcu.externaltools.gnu-tools-for-stm32.12.3.rel1.win32_1.0.200.202406191623/tools/bin/../lib/gcc/arm-none-eabi/12.3.1/thumb/v7-m/nofp/crtn.o
                0x20005000                        _estack = (ORIGIN (RAM) + LENGTH (RAM))
                0x00000200                        _Min_Heap_Size = 0x200
                0x00000400                        _Min_Stack_Size = 0x400

.isr_vector     0x08000000      0x10c
                0x08000000                        . = ALIGN (0x4)
 *(.isr_vector)
 .isr_vector    0x08000000      0x10c ./Core/Startup/startup_stm32f103c8tx.o
                0x08000000                g_pfnVectors
                0x0800010c                        . = ALIGN (0x4)

.text           0x0800010c     0x15f4
                0x0800010c                        . = ALIGN (0x4)
 *(.text)
 .text          0x0800010c       0x40 D:/users/ecoracing/STM32CubeIDE_1.16.0/STM32CubeIDE/plugins/com.st.stm32cube.ide.mcu.externaltools.gnu-tools-for-stm32.12.3.rel1.win32_1.0.200.202406191623/tools/bin/../lib/gcc/arm-none-eabi/12.3.1/thumb/v7-m/nofp/crtbegin.o
 *(.text*)
 .text.main     0x0800014c       0xbc ./Core/Src/main.o
                0x0800014c                main
 .text.traffic_sequence
                0x08000208      0x128 ./Core/Src/main.o
                0x08000208                traffic_sequence
 .text.SystemClock_Config
                0x08000330       0x78 ./Core/Src/main.o
                0x08000330                SystemClock_Config
 .text.MX_GPIO_Init
                0x080003a8      0x114 ./Core/Src/main.o
 .text.HAL_GPIO_EXTI_Callback
                0x080004bc       0x44 ./Core/Src/main.o
                0x080004bc                HAL_GPIO_EXTI_Callback
 .text.Error_Handler
                0x08000500        0xc ./Core/Src/main.o
                0x08000500                Error_Handler
 .text.HAL_MspInit
                0x0800050c       0x74 ./Core/Src/stm32f1xx_hal_msp.o
                0x0800050c                HAL_MspInit
 .text.NMI_Handler
                0x08000580        0x8 ./Core/Src/stm32f1xx_it.o
                0x08000580                NMI_Handler
 .text.HardFault_Handler
                0x08000588        0x8 ./Core/Src/stm32f1xx_it.o
                0x08000588                HardFault_Handler
 .text.MemManage_Handler
                0x08000590        0x8 ./Core/Src/stm32f1xx_it.o
                0x08000590                MemManage_Handler
 .text.BusFault_Handler
                0x08000598        0x8 ./Core/Src/stm32f1xx_it.o
                0x08000598                BusFault_Handler
 .text.UsageFault_Handler
                0x080005a0        0x8 ./Core/Src/stm32f1xx_it.o
                0x080005a0                UsageFault_Handler
 .text.SVC_Handler
                0x080005a8        0xc ./Core/Src/stm32f1xx_it.o
                0x080005a8                SVC_Handler
 .text.DebugMon_Handler
                0x080005b4        0xc ./Core/Src/stm32f1xx_it.o
                0x080005b4                DebugMon_Handler
 .text.PendSV_Handler
                0x080005c0        0xc ./Core/Src/stm32f1xx_it.o
                0x080005c0                PendSV_Handler
 .text.SysTick_Handler
                0x080005cc        0xc ./Core/Src/stm32f1xx_it.o
                0x080005cc                SysTick_Handler
 .text.RCC_IRQHandler
                0x080005d8        0xc ./Core/Src/stm32f1xx_it.o
                0x080005d8                RCC_IRQHandler
 .text.EXTI3_IRQHandler
                0x080005e4        0xe ./Core/Src/stm32f1xx_it.o
                0x080005e4                EXTI3_IRQHandler
 .text.EXTI4_IRQHandler
                0x080005f2        0xe ./Core/Src/stm32f1xx_it.o
                0x080005f2                EXTI4_IRQHandler
 .text.SystemInit
                0x08000600        0xc ./Core/Src/system_stm32f1xx.o
                0x08000600                SystemInit
 .text.Reset_Handler
                0x0800060c       0x48 ./Core/Startup/startup_stm32f103c8tx.o
                0x0800060c                Reset_Handler
 .text.Default_Handler
                0x08000654        0x2 ./Core/Startup/startup_stm32f103c8tx.o
                0x08000654                RTC_Alarm_IRQHandler
                0x08000654                EXTI2_IRQHandler
                0x08000654                TIM1_CC_IRQHandler
                0x08000654                PVD_IRQHandler
                0x08000654                EXTI0_IRQHandler
                0x08000654                I2C2_EV_IRQHandler
                0x08000654                ADC1_2_IRQHandler
                0x08000654                SPI1_IRQHandler
                0x08000654                TAMPER_IRQHandler
                0x08000654                DMA1_Channel4_IRQHandler
                0x08000654                USART3_IRQHandler
                0x08000654                RTC_IRQHandler
                0x08000654                DMA1_Channel7_IRQHandler
                0x08000654                CAN1_RX1_IRQHandler
                0x08000654                TIM4_IRQHandler
                0x08000654                I2C1_EV_IRQHandler
                0x08000654                DMA1_Channel6_IRQHandler
                0x08000654                TIM3_IRQHandler
                0x08000654                TIM1_TRG_COM_IRQHandler
                0x08000654                DMA1_Channel1_IRQHandler
                0x08000654                Default_Handler
                0x08000654                EXTI15_10_IRQHandler
                0x08000654                EXTI9_5_IRQHandler
                0x08000654                SPI2_IRQHandler
                0x08000654                DMA1_Channel5_IRQHandler
                0x08000654                USB_LP_CAN1_RX0_IRQHandler
                0x08000654                USB_HP_CAN1_TX_IRQHandler
                0x08000654                DMA1_Channel3_IRQHandler
                0x08000654                TIM1_UP_IRQHandler
                0x08000654                WWDG_IRQHandler
                0x08000654                TIM2_IRQHandler
                0x08000654                TIM1_BRK_IRQHandler
                0x08000654                EXTI1_IRQHandler
                0x08000654                USART2_IRQHandler
                0x08000654                I2C2_ER_IRQHandler
                0x08000654                DMA1_Channel2_IRQHandler
                0x08000654                CAN1_SCE_IRQHandler
                0x08000654                FLASH_IRQHandler
                0x08000654                USART1_IRQHandler
                0x08000654                I2C1_ER_IRQHandler
                0x08000654                USBWakeUp_IRQHandler
 *fill*         0x08000656        0x2 
 .text.HAL_Init
                0x08000658       0x2c ./Drivers/STM32F1xx_HAL_Driver/Src/stm32f1xx_hal.o
                0x08000658                HAL_Init
 .text.HAL_InitTick
                0x08000684       0x60 ./Drivers/STM32F1xx_HAL_Driver/Src/stm32f1xx_hal.o
                0x08000684                HAL_InitTick
 .text.HAL_IncTick
                0x080006e4       0x24 ./Drivers/STM32F1xx_HAL_Driver/Src/stm32f1xx_hal.o
                0x080006e4                HAL_IncTick
 .text.HAL_GetTick
                0x08000708       0x14 ./Drivers/STM32F1xx_HAL_Driver/Src/stm32f1xx_hal.o
                0x08000708                HAL_GetTick
 .text.HAL_Delay
                0x0800071c       0x48 ./Drivers/STM32F1xx_HAL_Driver/Src/stm32f1xx_hal.o
                0x0800071c                HAL_Delay
 .text.__NVIC_SetPriorityGrouping
                0x08000764       0x48 ./Drivers/STM32F1xx_HAL_Driver/Src/stm32f1xx_hal_cortex.o
 .text.__NVIC_GetPriorityGrouping
                0x080007ac       0x1c ./Drivers/STM32F1xx_HAL_Driver/Src/stm32f1xx_hal_cortex.o
 .text.__NVIC_EnableIRQ
                0x080007c8       0x38 ./Drivers/STM32F1xx_HAL_Driver/Src/stm32f1xx_hal_cortex.o
 .text.__NVIC_SetPriority
                0x08000800       0x54 ./Drivers/STM32F1xx_HAL_Driver/Src/stm32f1xx_hal_cortex.o
 .text.NVIC_EncodePriority
                0x08000854       0x64 ./Drivers/STM32F1xx_HAL_Driver/Src/stm32f1xx_hal_cortex.o
 .text.SysTick_Config
                0x080008b8       0x44 ./Drivers/STM32F1xx_HAL_Driver/Src/stm32f1xx_hal_cortex.o
 .text.HAL_NVIC_SetPriorityGrouping
                0x080008fc       0x16 ./Drivers/STM32F1xx_HAL_Driver/Src/stm32f1xx_hal_cortex.o
                0x080008fc                HAL_NVIC_SetPriorityGrouping
 .text.HAL_NVIC_SetPriority
                0x08000912       0x38 ./Drivers/STM32F1xx_HAL_Driver/Src/stm32f1xx_hal_cortex.o
                0x08000912                HAL_NVIC_SetPriority
 .text.HAL_NVIC_EnableIRQ
                0x0800094a       0x1c ./Drivers/STM32F1xx_HAL_Driver/Src/stm32f1xx_hal_cortex.o
                0x0800094a                HAL_NVIC_EnableIRQ
 .text.HAL_SYSTICK_Config
                0x08000966       0x18 ./Drivers/STM32F1xx_HAL_Driver/Src/stm32f1xx_hal_cortex.o
                0x08000966                HAL_SYSTICK_Config
 *fill*         0x0800097e        0x2 
 .text.HAL_GPIO_Init
                0x08000980      0x308 ./Drivers/STM32F1xx_HAL_Driver/Src/stm32f1xx_hal_gpio.o
                0x08000980                HAL_GPIO_Init
 .text.HAL_GPIO_WritePin
                0x08000c88       0x30 ./Drivers/STM32F1xx_HAL_Driver/Src/stm32f1xx_hal_gpio.o
                0x08000c88                HAL_GPIO_WritePin
 .text.HAL_GPIO_EXTI_IRQHandler
                0x08000cb8       0x30 ./Drivers/STM32F1xx_HAL_Driver/Src/stm32f1xx_hal_gpio.o
                0x08000cb8                HAL_GPIO_EXTI_IRQHandler
 .text.HAL_RCC_OscConfig
                0x08000ce8      0x504 ./Drivers/STM32F1xx_HAL_Driver/Src/stm32f1xx_hal_rcc.o
                0x08000ce8                HAL_RCC_OscConfig
 .text.HAL_RCC_ClockConfig
                0x080011ec      0x1d4 ./Drivers/STM32F1xx_HAL_Driver/Src/stm32f1xx_hal_rcc.o
                0x080011ec                HAL_RCC_ClockConfig
 .text.HAL_RCC_GetSysClockFreq
                0x080013c0       0xa8 ./Drivers/STM32F1xx_HAL_Driver/Src/stm32f1xx_hal_rcc.o
                0x080013c0                HAL_RCC_GetSysClockFreq
 .text.RCC_Delay
                0x08001468       0x3c ./Drivers/STM32F1xx_HAL_Driver/Src/stm32f1xx_hal_rcc.o
 .text.send_to_lcd
                0x080014a4       0x9c ./LCD/LCD.o
                0x080014a4                send_to_lcd
 .text.lcd_send_cmd
                0x08001540       0x34 ./LCD/LCD.o
                0x08001540                lcd_send_cmd
 .text.lcd_send_data
                0x08001574       0x34 ./LCD/LCD.o
                0x08001574                lcd_send_data
 .text.lcd_clear
                0x080015a8       0x14 ./LCD/LCD.o
                0x080015a8                lcd_clear
 .text.lcd_put_cur
                0x080015bc       0x3e ./LCD/LCD.o
                0x080015bc                lcd_put_cur
 .text.lcd_clear_row
                0x080015fa       0x38 ./LCD/LCD.o
                0x080015fa                lcd_clear_row
 .text.lcd_init
                0x08001632       0x32 ./LCD/LCD.o
                0x08001632                lcd_init
 .text.lcd_send_string
                0x08001664       0x2a ./LCD/LCD.o
                0x08001664                lcd_send_string
 .text.memset   0x0800168e       0x10 D:/users/ecoracing/STM32CubeIDE_1.16.0/STM32CubeIDE/plugins/com.st.stm32cube.ide.mcu.externaltools.gnu-tools-for-stm32.12.3.rel1.win32_1.0.200.202406191623/tools/bin/../lib/gcc/arm-none-eabi/12.3.1/../../../../arm-none-eabi/lib/thumb/v7-m/nofp\libc_nano.a(libc_a-memset.o)
                0x0800168e                memset
 *fill*         0x0800169e        0x2 
 .text.__libc_init_array
                0x080016a0       0x48 D:/users/ecoracing/STM32CubeIDE_1.16.0/STM32CubeIDE/plugins/com.st.stm32cube.ide.mcu.externaltools.gnu-tools-for-stm32.12.3.rel1.win32_1.0.200.202406191623/tools/bin/../lib/gcc/arm-none-eabi/12.3.1/../../../../arm-none-eabi/lib/thumb/v7-m/nofp\libc_nano.a(libc_a-init.o)
                0x080016a0                __libc_init_array
 *(.glue_7)
 .glue_7        0x080016e8        0x0 linker stubs
 *(.glue_7t)
 .glue_7t       0x080016e8        0x0 linker stubs
 *(.eh_frame)
 .eh_frame      0x080016e8        0x0 D:/users/ecoracing/STM32CubeIDE_1.16.0/STM32CubeIDE/plugins/com.st.stm32cube.ide.mcu.externaltools.gnu-tools-for-stm32.12.3.rel1.win32_1.0.200.202406191623/tools/bin/../lib/gcc/arm-none-eabi/12.3.1/thumb/v7-m/nofp/crtbegin.o
 *(.init)
 .init          0x080016e8        0x4 D:/users/ecoracing/STM32CubeIDE_1.16.0/STM32CubeIDE/plugins/com.st.stm32cube.ide.mcu.externaltools.gnu-tools-for-stm32.12.3.rel1.win32_1.0.200.202406191623/tools/bin/../lib/gcc/arm-none-eabi/12.3.1/thumb/v7-m/nofp/crti.o
                0x080016e8                _init
 .init          0x080016ec        0x8 D:/users/ecoracing/STM32CubeIDE_1.16.0/STM32CubeIDE/plugins/com.st.stm32cube.ide.mcu.externaltools.gnu-tools-for-stm32.12.3.rel1.win32_1.0.200.202406191623/tools/bin/../lib/gcc/arm-none-eabi/12.3.1/thumb/v7-m/nofp/crtn.o
 *(.fini)
 .fini          0x080016f4        0x4 D:/users/ecoracing/STM32CubeIDE_1.16.0/STM32CubeIDE/plugins/com.st.stm32cube.ide.mcu.externaltools.gnu-tools-for-stm32.12.3.rel1.win32_1.0.200.202406191623/tools/bin/../lib/gcc/arm-none-eabi/12.3.1/thumb/v7-m/nofp/crti.o
                0x080016f4                _fini
 .fini          0x080016f8        0x8 D:/users/ecoracing/STM32CubeIDE_1.16.0/STM32CubeIDE/plugins/com.st.stm32cube.ide.mcu.externaltools.gnu-tools-for-stm32.12.3.rel1.win32_1.0.200.202406191623/tools/bin/../lib/gcc/arm-none-eabi/12.3.1/thumb/v7-m/nofp/crtn.o
                0x08001700                        . = ALIGN (0x4)
                0x08001700                        _etext = .

.vfp11_veneer   0x08001700        0x0
 .vfp11_veneer  0x08001700        0x0 linker stubs

.v4_bx          0x08001700        0x0
 .v4_bx         0x08001700        0x0 linker stubs

.iplt           0x08001700        0x0
 .iplt          0x08001700        0x0 D:/users/ecoracing/STM32CubeIDE_1.16.0/STM32CubeIDE/plugins/com.st.stm32cube.ide.mcu.externaltools.gnu-tools-for-stm32.12.3.rel1.win32_1.0.200.202406191623/tools/bin/../lib/gcc/arm-none-eabi/12.3.1/thumb/v7-m/nofp/crtbegin.o

.rodata         0x08001700       0x5c
                0x08001700                        . = ALIGN (0x4)
 *(.rodata)
 .rodata        0x08001700       0x36 ./Core/Src/main.o
 *(.rodata*)
 *fill*         0x08001736        0x2 
 .rodata.AHBPrescTable
                0x08001738       0x10 ./Core/Src/system_stm32f1xx.o
                0x08001738                AHBPrescTable
 .rodata.aPLLMULFactorTable.1
                0x08001748       0x10 ./Drivers/STM32F1xx_HAL_Driver/Src/stm32f1xx_hal_rcc.o
 .rodata.aPredivFactorTable.0
                0x08001758        0x2 ./Drivers/STM32F1xx_HAL_Driver/Src/stm32f1xx_hal_rcc.o
                0x0800175c                        . = ALIGN (0x4)
 *fill*         0x0800175a        0x2 

.ARM.extab      0x0800175c        0x0
                0x0800175c                        . = ALIGN (0x4)
 *(.ARM.extab* .gnu.linkonce.armextab.*)
                0x0800175c                        . = ALIGN (0x4)

.ARM            0x0800175c        0x0
                0x0800175c                        . = ALIGN (0x4)
                0x0800175c                        __exidx_start = .
 *(.ARM.exidx*)
                0x0800175c                        __exidx_end = .
                0x0800175c                        . = ALIGN (0x4)

.preinit_array  0x0800175c        0x0
                0x0800175c                        . = ALIGN (0x4)
                0x0800175c                        PROVIDE (__preinit_array_start = .)
 *(.preinit_array*)
                0x0800175c                        PROVIDE (__preinit_array_end = .)
                0x0800175c                        . = ALIGN (0x4)

.init_array     0x0800175c        0x4
                0x0800175c                        . = ALIGN (0x4)
                0x0800175c                        PROVIDE (__init_array_start = .)
 *(SORT_BY_NAME(.init_array.*))
 *(.init_array*)
 .init_array    0x0800175c        0x4 D:/users/ecoracing/STM32CubeIDE_1.16.0/STM32CubeIDE/plugins/com.st.stm32cube.ide.mcu.externaltools.gnu-tools-for-stm32.12.3.rel1.win32_1.0.200.202406191623/tools/bin/../lib/gcc/arm-none-eabi/12.3.1/thumb/v7-m/nofp/crtbegin.o
                0x08001760                        PROVIDE (__init_array_end = .)
                0x08001760                        . = ALIGN (0x4)

.fini_array     0x08001760        0x4
                0x08001760                        . = ALIGN (0x4)
                [!provide]                        PROVIDE (__fini_array_start = .)
 *(SORT_BY_NAME(.fini_array.*))
 *(.fini_array*)
 .fini_array    0x08001760        0x4 D:/users/ecoracing/STM32CubeIDE_1.16.0/STM32CubeIDE/plugins/com.st.stm32cube.ide.mcu.externaltools.gnu-tools-for-stm32.12.3.rel1.win32_1.0.200.202406191623/tools/bin/../lib/gcc/arm-none-eabi/12.3.1/thumb/v7-m/nofp/crtbegin.o
                [!provide]                        PROVIDE (__fini_array_end = .)
                0x08001764                        . = ALIGN (0x4)
                0x08001764                        _sidata = LOADADDR (.data)

.rel.dyn        0x08001764        0x0
 .rel.iplt      0x08001764        0x0 D:/users/ecoracing/STM32CubeIDE_1.16.0/STM32CubeIDE/plugins/com.st.stm32cube.ide.mcu.externaltools.gnu-tools-for-stm32.12.3.rel1.win32_1.0.200.202406191623/tools/bin/../lib/gcc/arm-none-eabi/12.3.1/thumb/v7-m/nofp/crtbegin.o

.data           0x20000000        0xc load address 0x08001764
                0x20000000                        . = ALIGN (0x4)
                0x20000000                        _sdata = .
 *(.data)
 *(.data*)
 .data.SystemCoreClock
                0x20000000        0x4 ./Core/Src/system_stm32f1xx.o
                0x20000000                SystemCoreClock
 .data.uwTickPrio
                0x20000004        0x4 ./Drivers/STM32F1xx_HAL_Driver/Src/stm32f1xx_hal.o
                0x20000004                uwTickPrio
 .data.uwTickFreq
                0x20000008        0x1 ./Drivers/STM32F1xx_HAL_Driver/Src/stm32f1xx_hal.o
                0x20000008                uwTickFreq
 *(.RamFunc)
 *(.RamFunc*)
                0x2000000c                        . = ALIGN (0x4)
 *fill*         0x20000009        0x3 
                0x2000000c                        _edata = .

.igot.plt       0x2000000c        0x0 load address 0x08001770
 .igot.plt      0x2000000c        0x0 D:/users/ecoracing/STM32CubeIDE_1.16.0/STM32CubeIDE/plugins/com.st.stm32cube.ide.mcu.externaltools.gnu-tools-for-stm32.12.3.rel1.win32_1.0.200.202406191623/tools/bin/../lib/gcc/arm-none-eabi/12.3.1/thumb/v7-m/nofp/crtbegin.o
                0x2000000c                        . = ALIGN (0x4)

.bss            0x2000000c       0x24 load address 0x08001770
                0x2000000c                        _sbss = .
                0x2000000c                        __bss_start__ = _sbss
 *(.bss)
 .bss           0x2000000c       0x1c D:/users/ecoracing/STM32CubeIDE_1.16.0/STM32CubeIDE/plugins/com.st.stm32cube.ide.mcu.externaltools.gnu-tools-for-stm32.12.3.rel1.win32_1.0.200.202406191623/tools/bin/../lib/gcc/arm-none-eabi/12.3.1/thumb/v7-m/nofp/crtbegin.o
 *(.bss*)
 .bss.traffic_on
                0x20000028        0x1 ./Core/Src/main.o
                0x20000028                traffic_on
 .bss.emergency_stop
                0x20000029        0x1 ./Core/Src/main.o
                0x20000029                emergency_stop
 *fill*         0x2000002a        0x2 
 .bss.uwTick    0x2000002c        0x4 ./Drivers/STM32F1xx_HAL_Driver/Src/stm32f1xx_hal.o
                0x2000002c                uwTick
 *(COMMON)
                0x20000030                        . = ALIGN (0x4)
                0x20000030                        _ebss = .
                0x20000030                        __bss_end__ = _ebss

._user_heap_stack
                0x20000030      0x600 load address 0x08001770
                0x20000030                        . = ALIGN (0x8)
                [!provide]                        PROVIDE (end = .)
                0x20000030                        PROVIDE (_end = .)
                0x20000230                        . = (. + _Min_Heap_Size)
 *fill*         0x20000030      0x200 
                0x20000630                        . = (. + _Min_Stack_Size)
 *fill*         0x20000230      0x400 
                0x20000630                        . = ALIGN (0x8)

/DISCARD/
 libc.a(*)
 libm.a(*)
 libgcc.a(*)

.ARM.attributes
                0x00000000       0x29
 *(.ARM.attributes)
 .ARM.attributes
                0x00000000       0x1d D:/users/ecoracing/STM32CubeIDE_1.16.0/STM32CubeIDE/plugins/com.st.stm32cube.ide.mcu.externaltools.gnu-tools-for-stm32.12.3.rel1.win32_1.0.200.202406191623/tools/bin/../lib/gcc/arm-none-eabi/12.3.1/thumb/v7-m/nofp/crti.o
 .ARM.attributes
                0x0000001d       0x2d D:/users/ecoracing/STM32CubeIDE_1.16.0/STM32CubeIDE/plugins/com.st.stm32cube.ide.mcu.externaltools.gnu-tools-for-stm32.12.3.rel1.win32_1.0.200.202406191623/tools/bin/../lib/gcc/arm-none-eabi/12.3.1/thumb/v7-m/nofp/crtbegin.o
 .ARM.attributes
                0x0000004a       0x2d ./Core/Src/main.o
 .ARM.attributes
                0x00000077       0x2d ./Core/Src/stm32f1xx_hal_msp.o
 .ARM.attributes
                0x000000a4       0x2d ./Core/Src/stm32f1xx_it.o
 .ARM.attributes
                0x000000d1       0x2d ./Core/Src/system_stm32f1xx.o
 .ARM.attributes
                0x000000fe       0x21 ./Core/Startup/startup_stm32f103c8tx.o
 .ARM.attributes
                0x0000011f       0x2d ./Drivers/STM32F1xx_HAL_Driver/Src/stm32f1xx_hal.o
 .ARM.attributes
                0x0000014c       0x2d ./Drivers/STM32F1xx_HAL_Driver/Src/stm32f1xx_hal_cortex.o
 .ARM.attributes
                0x00000179       0x2d ./Drivers/STM32F1xx_HAL_Driver/Src/stm32f1xx_hal_gpio.o
 .ARM.attributes
                0x000001a6       0x2d ./Drivers/STM32F1xx_HAL_Driver/Src/stm32f1xx_hal_rcc.o
 .ARM.attributes
                0x000001d3       0x2d ./LCD/LCD.o
 .ARM.attributes
                0x00000200       0x2d D:/users/ecoracing/STM32CubeIDE_1.16.0/STM32CubeIDE/plugins/com.st.stm32cube.ide.mcu.externaltools.gnu-tools-for-stm32.12.3.rel1.win32_1.0.200.202406191623/tools/bin/../lib/gcc/arm-none-eabi/12.3.1/../../../../arm-none-eabi/lib/thumb/v7-m/nofp\libc_nano.a(libc_a-memset.o)
 .ARM.attributes
                0x0000022d       0x2d D:/users/ecoracing/STM32CubeIDE_1.16.0/STM32CubeIDE/plugins/com.st.stm32cube.ide.mcu.externaltools.gnu-tools-for-stm32.12.3.rel1.win32_1.0.200.202406191623/tools/bin/../lib/gcc/arm-none-eabi/12.3.1/../../../../arm-none-eabi/lib/thumb/v7-m/nofp\libc_nano.a(libc_a-init.o)
 .ARM.attributes
                0x0000025a       0x1d D:/users/ecoracing/STM32CubeIDE_1.16.0/STM32CubeIDE/plugins/com.st.stm32cube.ide.mcu.externaltools.gnu-tools-for-stm32.12.3.rel1.win32_1.0.200.202406191623/tools/bin/../lib/gcc/arm-none-eabi/12.3.1/thumb/v7-m/nofp/crtn.o
OUTPUT(traffic_Interrupt.elf elf32-littlearm)
LOAD linker stubs
LOAD D:/users/ecoracing/STM32CubeIDE_1.16.0/STM32CubeIDE/plugins/com.st.stm32cube.ide.mcu.externaltools.gnu-tools-for-stm32.12.3.rel1.win32_1.0.200.202406191623/tools/bin/../lib/gcc/arm-none-eabi/12.3.1/../../../../arm-none-eabi/lib/thumb/v7-m/nofp\libc.a
LOAD D:/users/ecoracing/STM32CubeIDE_1.16.0/STM32CubeIDE/plugins/com.st.stm32cube.ide.mcu.externaltools.gnu-tools-for-stm32.12.3.rel1.win32_1.0.200.202406191623/tools/bin/../lib/gcc/arm-none-eabi/12.3.1/../../../../arm-none-eabi/lib/thumb/v7-m/nofp\libm.a
LOAD D:/users/ecoracing/STM32CubeIDE_1.16.0/STM32CubeIDE/plugins/com.st.stm32cube.ide.mcu.externaltools.gnu-tools-for-stm32.12.3.rel1.win32_1.0.200.202406191623/tools/bin/../lib/gcc/arm-none-eabi/12.3.1/thumb/v7-m/nofp\libgcc.a

.debug_info     0x00000000     0x30b7
 .debug_info    0x00000000      0x793 ./Core/Src/main.o
 .debug_info    0x00000793      0x370 ./Core/Src/stm32f1xx_hal_msp.o
 .debug_info    0x00000b03      0x16b ./Core/Src/stm32f1xx_it.o
 .debug_info    0x00000c6e      0x222 ./Core/Src/system_stm32f1xx.o
 .debug_info    0x00000e90       0x30 ./Core/Startup/startup_stm32f103c8tx.o
 .debug_info    0x00000ec0      0x704 ./Drivers/STM32F1xx_HAL_Driver/Src/stm32f1xx_hal.o
 .debug_info    0x000015c4      0xa87 ./Drivers/STM32F1xx_HAL_Driver/Src/stm32f1xx_hal_cortex.o
 .debug_info    0x0000204b      0x5ab ./Drivers/STM32F1xx_HAL_Driver/Src/stm32f1xx_hal_gpio.o
 .debug_info    0x000025f6      0x7d5 ./Drivers/STM32F1xx_HAL_Driver/Src/stm32f1xx_hal_rcc.o
 .debug_info    0x00002dcb      0x2ec ./LCD/LCD.o

.debug_abbrev   0x00000000     0x107e
 .debug_abbrev  0x00000000      0x268 ./Core/Src/main.o
 .debug_abbrev  0x00000268      0x11e ./Core/Src/stm32f1xx_hal_msp.o
 .debug_abbrev  0x00000386       0xa0 ./Core/Src/stm32f1xx_it.o
 .debug_abbrev  0x00000426      0x13f ./Core/Src/system_stm32f1xx.o
 .debug_abbrev  0x00000565       0x24 ./Core/Startup/startup_stm32f103c8tx.o
 .debug_abbrev  0x00000589      0x201 ./Drivers/STM32F1xx_HAL_Driver/Src/stm32f1xx_hal.o
 .debug_abbrev  0x0000078a      0x2f8 ./Drivers/STM32F1xx_HAL_Driver/Src/stm32f1xx_hal_cortex.o
 .debug_abbrev  0x00000a82      0x1ca ./Drivers/STM32F1xx_HAL_Driver/Src/stm32f1xx_hal_gpio.o
 .debug_abbrev  0x00000c4c      0x2b3 ./Drivers/STM32F1xx_HAL_Driver/Src/stm32f1xx_hal_rcc.o
 .debug_abbrev  0x00000eff      0x17f ./LCD/LCD.o

.debug_aranges  0x00000000      0x458
 .debug_aranges
                0x00000000       0x48 ./Core/Src/main.o
 .debug_aranges
                0x00000048       0x20 ./Core/Src/stm32f1xx_hal_msp.o
 .debug_aranges
                0x00000068       0x78 ./Core/Src/stm32f1xx_it.o
 .debug_aranges
                0x000000e0       0x28 ./Core/Src/system_stm32f1xx.o
 .debug_aranges
                0x00000108       0x28 ./Core/Startup/startup_stm32f103c8tx.o
 .debug_aranges
                0x00000130       0xe0 ./Drivers/STM32F1xx_HAL_Driver/Src/stm32f1xx_hal.o
 .debug_aranges
                0x00000210      0x100 ./Drivers/STM32F1xx_HAL_Driver/Src/stm32f1xx_hal_cortex.o
 .debug_aranges
                0x00000310       0x58 ./Drivers/STM32F1xx_HAL_Driver/Src/stm32f1xx_hal_gpio.o
 .debug_aranges
                0x00000368       0x90 ./Drivers/STM32F1xx_HAL_Driver/Src/stm32f1xx_hal_rcc.o
 .debug_aranges
                0x000003f8       0x60 ./LCD/LCD.o

.debug_rnglists
                0x00000000      0x344
 .debug_rnglists
                0x00000000       0x5c ./Core/Src/main.o
 .debug_rnglists
                0x0000005c       0x13 ./Core/Src/stm32f1xx_hal_msp.o
 .debug_rnglists
                0x0000006f       0x55 ./Core/Src/stm32f1xx_it.o
 .debug_rnglists
                0x000000c4       0x1a ./Core/Src/system_stm32f1xx.o
 .debug_rnglists
                0x000000de       0x19 ./Core/Startup/startup_stm32f103c8tx.o
 .debug_rnglists
                0x000000f7       0xa3 ./Drivers/STM32F1xx_HAL_Driver/Src/stm32f1xx_hal.o
 .debug_rnglists
                0x0000019a       0xbb ./Drivers/STM32F1xx_HAL_Driver/Src/stm32f1xx_hal_cortex.o
 .debug_rnglists
                0x00000255       0x3f ./Drivers/STM32F1xx_HAL_Driver/Src/stm32f1xx_hal_gpio.o
 .debug_rnglists
                0x00000294       0x6c ./Drivers/STM32F1xx_HAL_Driver/Src/stm32f1xx_hal_rcc.o
 .debug_rnglists
                0x00000300       0x44 ./LCD/LCD.o

.debug_macro    0x00000000    0x15b74
 .debug_macro   0x00000000      0x1c1 ./Core/Src/main.o
 .debug_macro   0x000001c1      0xaa8 ./Core/Src/main.o
 .debug_macro   0x00000c69      0x20f ./Core/Src/main.o
 .debug_macro   0x00000e78       0x2e ./Core/Src/main.o
 .debug_macro   0x00000ea6       0x22 ./Core/Src/main.o
 .debug_macro   0x00000ec8       0x22 ./Core/Src/main.o
 .debug_macro   0x00000eea       0x8e ./Core/Src/main.o
 .debug_macro   0x00000f78       0x51 ./Core/Src/main.o
 .debug_macro   0x00000fc9      0x103 ./Core/Src/main.o
 .debug_macro   0x000010cc       0x6a ./Core/Src/main.o
 .debug_macro   0x00001136      0x1df ./Core/Src/main.o
 .debug_macro   0x00001315       0x1c ./Core/Src/main.o
 .debug_macro   0x00001331       0x22 ./Core/Src/main.o
 .debug_macro   0x00001353       0xbd ./Core/Src/main.o
 .debug_macro   0x00001410      0xd23 ./Core/Src/main.o
 .debug_macro   0x00002133     0xe09e ./Core/Src/main.o
 .debug_macro   0x000101d1       0x6d ./Core/Src/main.o
 .debug_macro   0x0001023e     0x34a2 ./Core/Src/main.o
 .debug_macro   0x000136e0      0x189 ./Core/Src/main.o
 .debug_macro   0x00013869       0x5c ./Core/Src/main.o
 .debug_macro   0x000138c5      0x5bc ./Core/Src/main.o
 .debug_macro   0x00013e81      0x289 ./Core/Src/main.o
 .debug_macro   0x0001410a      0x1cb ./Core/Src/main.o
 .debug_macro   0x000142d5      0x114 ./Core/Src/main.o
 .debug_macro   0x000143e9      0x1b2 ./Core/Src/main.o
 .debug_macro   0x0001459b       0x27 ./Core/Src/main.o
 .debug_macro   0x000145c2      0x136 ./Core/Src/main.o
 .debug_macro   0x000146f8      0x1bc ./Core/Src/main.o
 .debug_macro   0x000148b4       0x34 ./Core/Src/main.o
 .debug_macro   0x000148e8       0x3c ./Core/Src/main.o
 .debug_macro   0x00014924       0x57 ./Core/Src/main.o
 .debug_macro   0x0001497b       0x87 ./Core/Src/main.o
 .debug_macro   0x00014a02      0x240 ./Core/Src/main.o
 .debug_macro   0x00014c42      0x140 ./Core/Src/main.o
 .debug_macro   0x00014d82       0x83 ./Core/Src/main.o
 .debug_macro   0x00014e05       0x28 ./Core/Src/main.o
 .debug_macro   0x00014e2d      0x193 ./Core/Src/stm32f1xx_hal_msp.o
 .debug_macro   0x00014fc0      0x19d ./Core/Src/stm32f1xx_it.o
 .debug_macro   0x0001515d      0x184 ./Core/Src/system_stm32f1xx.o
 .debug_macro   0x000152e1      0x1a8 ./Drivers/STM32F1xx_HAL_Driver/Src/stm32f1xx_hal.o
 .debug_macro   0x00015489      0x184 ./Drivers/STM32F1xx_HAL_Driver/Src/stm32f1xx_hal_cortex.o
 .debug_macro   0x0001560d      0x1ef ./Drivers/STM32F1xx_HAL_Driver/Src/stm32f1xx_hal_gpio.o
 .debug_macro   0x000157fc      0x196 ./Drivers/STM32F1xx_HAL_Driver/Src/stm32f1xx_hal_rcc.o
 .debug_macro   0x00015992      0x1e2 ./LCD/LCD.o

.debug_line     0x00000000     0x5963
 .debug_line    0x00000000      0x940 ./Core/Src/main.o
 .debug_line    0x00000940      0x77b ./Core/Src/stm32f1xx_hal_msp.o
 .debug_line    0x000010bb      0x87d ./Core/Src/stm32f1xx_it.o
 .debug_line    0x00001938      0x7f6 ./Core/Src/system_stm32f1xx.o
 .debug_line    0x0000212e       0x78 ./Core/Startup/startup_stm32f103c8tx.o
 .debug_line    0x000021a6      0xa23 ./Drivers/STM32F1xx_HAL_Driver/Src/stm32f1xx_hal.o
 .debug_line    0x00002bc9      0xc0f ./Drivers/STM32F1xx_HAL_Driver/Src/stm32f1xx_hal_cortex.o
 .debug_line    0x000037d8      0xabc ./Drivers/STM32F1xx_HAL_Driver/Src/stm32f1xx_hal_gpio.o
 .debug_line    0x00004294      0xe2c ./Drivers/STM32F1xx_HAL_Driver/Src/stm32f1xx_hal_rcc.o
 .debug_line    0x000050c0      0x8a3 ./LCD/LCD.o

.debug_str      0x00000000    0x7bf28
 .debug_str     0x00000000    0x7b0a5 ./Core/Src/main.o
                              0x7b460 (size before relaxing)
 .debug_str     0x0007b0a5       0x5a ./Core/Src/stm32f1xx_hal_msp.o
                              0x7b0e3 (size before relaxing)
 .debug_str     0x0007b0ff      0x113 ./Core/Src/stm32f1xx_it.o
                              0x7ae4f (size before relaxing)
 .debug_str     0x0007b212       0x7e ./Core/Src/system_stm32f1xx.o
                              0x7ad75 (size before relaxing)
 .debug_str     0x0007b290       0x44 ./Core/Startup/startup_stm32f103c8tx.o
                                 0x6f (size before relaxing)
 .debug_str     0x0007b2d4      0x384 ./Drivers/STM32F1xx_HAL_Driver/Src/stm32f1xx_hal.o
                              0x7b4a8 (size before relaxing)
 .debug_str     0x0007b658      0x2a8 ./Drivers/STM32F1xx_HAL_Driver/Src/stm32f1xx_hal_cortex.o
                              0x7b3f4 (size before relaxing)
 .debug_str     0x0007b900      0x2bd ./Drivers/STM32F1xx_HAL_Driver/Src/stm32f1xx_hal_gpio.o
                              0x7b0fb (size before relaxing)
 .debug_str     0x0007bbbd      0x229 ./Drivers/STM32F1xx_HAL_Driver/Src/stm32f1xx_hal_rcc.o
                              0x7b1a4 (size before relaxing)
 .debug_str     0x0007bde6      0x142 ./LCD/LCD.o
                              0x7aea3 (size before relaxing)

.comment        0x00000000       0x43
 .comment       0x00000000       0x43 ./Core/Src/main.o
                                 0x44 (size before relaxing)
 .comment       0x00000043       0x44 ./Core/Src/stm32f1xx_hal_msp.o
 .comment       0x00000043       0x44 ./Core/Src/stm32f1xx_it.o
 .comment       0x00000043       0x44 ./Core/Src/system_stm32f1xx.o
 .comment       0x00000043       0x44 ./Drivers/STM32F1xx_HAL_Driver/Src/stm32f1xx_hal.o
 .comment       0x00000043       0x44 ./Drivers/STM32F1xx_HAL_Driver/Src/stm32f1xx_hal_cortex.o
 .comment       0x00000043       0x44 ./Drivers/STM32F1xx_HAL_Driver/Src/stm32f1xx_hal_gpio.o
 .comment       0x00000043       0x44 ./Drivers/STM32F1xx_HAL_Driver/Src/stm32f1xx_hal_rcc.o
 .comment       0x00000043       0x44 ./LCD/LCD.o

.debug_frame    0x00000000      0xf14
 .debug_frame   0x00000000       0xd8 ./Core/Src/main.o
 .debug_frame   0x000000d8       0x34 ./Core/Src/stm32f1xx_hal_msp.o
 .debug_frame   0x0000010c      0x15c ./Core/Src/stm32f1xx_it.o
 .debug_frame   0x00000268       0x58 ./Core/Src/system_stm32f1xx.o
 .debug_frame   0x000002c0      0x334 ./Drivers/STM32F1xx_HAL_Driver/Src/stm32f1xx_hal.o
 .debug_frame   0x000005f4      0x428 ./Drivers/STM32F1xx_HAL_Driver/Src/stm32f1xx_hal_cortex.o
 .debug_frame   0x00000a1c      0x14c ./Drivers/STM32F1xx_HAL_Driver/Src/stm32f1xx_hal_gpio.o
 .debug_frame   0x00000b68      0x218 ./Drivers/STM32F1xx_HAL_Driver/Src/stm32f1xx_hal_rcc.o
 .debug_frame   0x00000d80      0x148 ./LCD/LCD.o
 .debug_frame   0x00000ec8       0x20 D:/users/ecoracing/STM32CubeIDE_1.16.0/STM32CubeIDE/plugins/com.st.stm32cube.ide.mcu.externaltools.gnu-tools-for-stm32.12.3.rel1.win32_1.0.200.202406191623/tools/bin/../lib/gcc/arm-none-eabi/12.3.1/../../../../arm-none-eabi/lib/thumb/v7-m/nofp\libc_nano.a(libc_a-memset.o)
 .debug_frame   0x00000ee8       0x2c D:/users/ecoracing/STM32CubeIDE_1.16.0/STM32CubeIDE/plugins/com.st.stm32cube.ide.mcu.externaltools.gnu-tools-for-stm32.12.3.rel1.win32_1.0.200.202406191623/tools/bin/../lib/gcc/arm-none-eabi/12.3.1/../../../../arm-none-eabi/lib/thumb/v7-m/nofp\libc_nano.a(libc_a-init.o)

.debug_line_str
                0x00000000       0x53
 .debug_line_str
                0x00000000       0x53 ./Core/Startup/startup_stm32f103c8tx.o
